<testsuites name="results">
  <testsuite name="all" package="all">
    <property name="random_seed" value="1765997655" />
    <testcase name="test_led_locker" classname="test" file="/home/sjcho/factory-test/test/test.py" lineno="5" time="0.6712501049041748" sim_time_ns="404400.001" ratio_time="602458.0078951804" />
  </testsuite>
</testsuites>
